// Jest Snapshot v1, https://goo.gl/fbAQLP

exports[`Highlight 1`] = `
<React.Fragment>
   
  <span>
    
  </span>
  <span>
    Ka
  </span>
  <span>
    rm√∏y
  </span>
</React.Fragment>
`;
